// Jest Snapshot v1, https://goo.gl/fbAQLP

exports[`<PosterUpdateForm /> should render PosterUpdateForm  1`] = `
<DocumentFragment>
  <h2
    class="posterFormstyled__FormHeader-sc-29zlku-7 EFMyG"
  >
    Update movie
  </h2>
  <div
    class="posterFormstyled__InputWrapper-sc-29zlku-0 brdymf"
  >
    <label
      class="posterFormstyled__Label-sc-29zlku-6 bNRocu"
    >
      title
      <input
        class="posterFormstyled__Input-sc-29zlku-1 kJgLlf"
        name="title"
        type="text"
        value="Fifty Shades Freed"
      />
    </label>
    <label
      class="posterFormstyled__Label-sc-29zlku-6 bNRocu"
    >
      date
      <input
        class="posterFormstyled__Input-sc-29zlku-1 kJgLlf"
        name="release_date"
        type="date"
        value="2018-02-07"
      />
    </label>
    <label
      class="posterFormstyled__Label-sc-29zlku-6 bNRocu"
    >
      movie url
      <input
        class="posterFormstyled__Input-sc-29zlku-1 kJgLlf"
        name="poster_path"
        type="url"
        value="https://image.tmdb.org/t/p/w500/3kcEGnYBHDeqmdYf8ZRbKdfmlUy.jpg"
      />
    </label>
    <label
      class="posterFormstyled__Label-sc-29zlku-6 bNRocu"
    >
      rating
      <input
        class="posterFormstyled__Input-sc-29zlku-1 kJgLlf"
        name="vote_average"
        type="number"
        value="6.1"
      />
    </label>
    <label
      class="posterFormstyled__Label-sc-29zlku-6 gLFjVp"
    >
      genre
      <span
        class="d-inline-block"
        data-content="Please select genres(s)"
        data-toggle="popover"
        data-trigger="focus"
      >
        <div
          class=" css-b62m3t-container"
          id="reactSelect"
        >
          <span
            class="css-1f43avz-a11yText-A11yText"
            id="react-select-2-live-region"
          />
          <span
            aria-atomic="false"
            aria-live="polite"
            aria-relevant="additions text"
            class="css-1f43avz-a11yText-A11yText"
          />
          <div
            class=" css-1s2u09g-control"
          >
            <div
              class=" css-g1d714-ValueContainer"
            >
              <div
                class="css-1rhbuit-multiValue"
              >
                <div
                  class="css-12jo7m5"
                >
                  Drama
                </div>
                <div
                  aria-label="Remove Drama"
                  class="css-xb97g8"
                  role="button"
                >
                  <svg
                    aria-hidden="true"
                    class="css-tj5bde-Svg"
                    focusable="false"
                    height="14"
                    viewBox="0 0 20 20"
                    width="14"
                  >
                    <path
                      d="M14.348 14.849c-0.469 0.469-1.229 0.469-1.697 0l-2.651-3.030-2.651 3.029c-0.469 0.469-1.229 0.469-1.697 0-0.469-0.469-0.469-1.229 0-1.697l2.758-3.15-2.759-3.152c-0.469-0.469-0.469-1.228 0-1.697s1.228-0.469 1.697 0l2.652 3.031 2.651-3.031c0.469-0.469 1.228-0.469 1.697 0s0.469 1.229 0 1.697l-2.758 3.152 2.758 3.15c0.469 0.469 0.469 1.229 0 1.698z"
                    />
                  </svg>
                </div>
              </div>
              <div
                class="css-1rhbuit-multiValue"
              >
                <div
                  class="css-12jo7m5"
                >
                  Romance
                </div>
                <div
                  aria-label="Remove Romance"
                  class="css-xb97g8"
                  role="button"
                >
                  <svg
                    aria-hidden="true"
                    class="css-tj5bde-Svg"
                    focusable="false"
                    height="14"
                    viewBox="0 0 20 20"
                    width="14"
                  >
                    <path
                      d="M14.348 14.849c-0.469 0.469-1.229 0.469-1.697 0l-2.651-3.030-2.651 3.029c-0.469 0.469-1.229 0.469-1.697 0-0.469-0.469-0.469-1.229 0-1.697l2.758-3.15-2.759-3.152c-0.469-0.469-0.469-1.228 0-1.697s1.228-0.469 1.697 0l2.652 3.031 2.651-3.031c0.469-0.469 1.228-0.469 1.697 0s0.469 1.229 0 1.697l-2.758 3.152 2.758 3.15c0.469 0.469 0.469 1.229 0 1.698z"
                    />
                  </svg>
                </div>
              </div>
              <div
                class=" css-14dclt2-Input"
                data-value=""
              >
                <input
                  aria-autocomplete="list"
                  aria-controls="react-select-2-listbox"
                  aria-expanded="false"
                  aria-haspopup="true"
                  aria-owns="react-select-2-listbox"
                  autocapitalize="none"
                  autocomplete="off"
                  autocorrect="off"
                  class=""
                  id="react-select-2-input"
                  role="combobox"
                  spellcheck="false"
                  style="opacity: 1; width: 100%; grid-area: 1 / 2; min-width: 2px; border: 0px; margin: 0px; outline: 0; padding: 0px;"
                  tabindex="0"
                  type="text"
                  value=""
                />
              </div>
            </div>
            <div
              class=" css-1hb7zxy-IndicatorsContainer"
            >
              <div
                aria-hidden="true"
                class=" css-tlfecz-indicatorContainer"
              >
                <svg
                  aria-hidden="true"
                  class="css-tj5bde-Svg"
                  focusable="false"
                  height="20"
                  viewBox="0 0 20 20"
                  width="20"
                >
                  <path
                    d="M14.348 14.849c-0.469 0.469-1.229 0.469-1.697 0l-2.651-3.030-2.651 3.029c-0.469 0.469-1.229 0.469-1.697 0-0.469-0.469-0.469-1.229 0-1.697l2.758-3.15-2.759-3.152c-0.469-0.469-0.469-1.228 0-1.697s1.228-0.469 1.697 0l2.652 3.031 2.651-3.031c0.469-0.469 1.228-0.469 1.697 0s0.469 1.229 0 1.697l-2.758 3.152 2.758 3.15c0.469 0.469 0.469 1.229 0 1.698z"
                  />
                </svg>
              </div>
              <span
                class=" css-1okebmr-indicatorSeparator"
              />
              <div
                aria-hidden="true"
                class=" css-tlfecz-indicatorContainer"
              >
                <svg
                  aria-hidden="true"
                  class="css-tj5bde-Svg"
                  focusable="false"
                  height="20"
                  viewBox="0 0 20 20"
                  width="20"
                >
                  <path
                    d="M4.516 7.548c0.436-0.446 1.043-0.481 1.576 0l3.908 3.747 3.908-3.747c0.533-0.481 1.141-0.446 1.574 0 0.436 0.445 0.408 1.197 0 1.615-0.406 0.418-4.695 4.502-4.695 4.502-0.217 0.223-0.502 0.335-0.787 0.335s-0.57-0.112-0.789-0.335c0 0-4.287-4.084-4.695-4.502s-0.436-1.17 0-1.615z"
                  />
                </svg>
              </div>
            </div>
          </div>
          <div>
            <input
              name="genre"
              type="hidden"
              value="Drama"
            />
            <input
              name="genre"
              type="hidden"
              value="Romance"
            />
          </div>
        </div>
      </span>
    </label>
    <label
      class="posterFormstyled__Label-sc-29zlku-6 bNRocu"
    >
      runtime
      <input
        class="posterFormstyled__Input-sc-29zlku-1 kJgLlf"
        name="runtime"
        type="number"
        value="106"
      />
    </label>
    <label
      class="posterFormstyled__Label-sc-29zlku-6 efjAfC"
    >
      overview
      <textarea
        class="posterFormstyled__TextArea-sc-29zlku-3 jOsCoD"
        name="overview"
      >
        Believing they have left behind shadowy figures from their past, newlyweds Christian and Ana fully embrace an inextricable connection and shared life of luxury. But just as she steps into her role as Mrs. Grey and he relaxes into an unfamiliar stability, new threats could jeopardize their happy ending before it even begins.
      </textarea>
    </label>
  </div>
  <div
    class="posterFormstyled__ButList-sc-29zlku-9 gtJZgY"
  >
    <div
      class="redButtonstyled__RedButton-sc-1vactyr-0 eImyGE"
    >
      Reset
    </div>
    <div
      class="redButtonstyled__RedButton-sc-1vactyr-0 ihxqXl"
    >
      Submit
    </div>
  </div>
</DocumentFragment>
`;
