// Jest Snapshot v1, https://goo.gl/fbAQLP

exports[`<NotFound /> should render ExampleComponent 1`] = `
<div>
  <h3>
    No match for 
    <code>
      localhost:3000/example/path
    </code>
  </h3>
</div>
`;
